[2025-09-16 15:06:42] 🚀 Starting PayPal Clone Ecosystem Test Suite
[2025-09-16 15:06:43] ==============================================
[2025-09-16 15:06:43] 
[2025-09-16 15:06:43] 🏥 STEP 1: Health Checks
[2025-09-16 15:06:43] ========================
[2025-09-16 15:06:43] 🔄 API Call: GET /auth/health
[2025-09-16 15:06:45] 📥 Response: 
[2025-09-16 15:06:46] 🔄 API Call: GET /payment/health
[2025-09-16 15:06:49] 📥 Response: 
[2025-09-16 15:06:50] 🔄 API Call: GET /notification/health
[2025-09-16 15:06:52] 📥 Response: 
[2025-09-16 15:06:54] 
[2025-09-16 15:06:54] 👤 STEP 2: User Registration
[2025-09-16 15:06:54] ============================
[2025-09-16 15:06:54] 📝 Registering user: alice@paypal.com
[2025-09-16 15:06:54] 🔄 API Call: POST /auth/register
[2025-09-16 15:06:57] 📥 Response: 
[2025-09-16 15:06:58] 📝 Registering user: bob@paypal.com
[2025-09-16 15:06:58] 🔄 API Call: POST /auth/register
[2025-09-16 15:07:00] 📥 Response: 
[2025-09-16 15:07:02] 📝 Registering user: charlie@paypal.com
[2025-09-16 15:07:02] 🔄 API Call: POST /auth/register
[2025-09-16 15:07:04] 📥 Response: 
[2025-09-16 15:07:05] 
[2025-09-16 15:07:05] 🔐 STEP 3: User Login
[2025-09-16 15:07:05] =====================
[2025-09-16 15:07:05] 🔑 Logging in user: alice@paypal.com
[2025-09-16 15:07:05] 🔄 API Call: POST /auth/login
[2025-09-16 15:07:08] 📥 Response: 
[2025-09-16 15:07:09] 🔑 Logging in user: bob@paypal.com
[2025-09-16 15:07:09] 🔄 API Call: POST /auth/login
[2025-09-16 15:07:11] 📥 Response: 
[2025-09-16 15:07:12] 🔑 Logging in user: charlie@paypal.com
[2025-09-16 15:07:13] 🔄 API Call: POST /auth/login
[2025-09-16 15:07:15] 📥 Response: 
[2025-09-16 15:07:16] 
[2025-09-16 15:07:16] ✅ STEP 4: Token Verification
[2025-09-16 15:07:16] =============================
[2025-09-16 15:07:16] 
[2025-09-16 15:07:16] 💳 STEP 5: Payment Processing
[2025-09-16 15:07:16] =============================
[2025-09-16 15:07:16] 
[2025-09-16 15:07:16] 📊 STEP 6: Payment History
[2025-09-16 15:07:17] ==========================
[2025-09-16 15:07:17] 
[2025-09-16 15:07:17] ❌ STEP 7: Error Scenarios
[2025-09-16 15:07:17] ==========================
[2025-09-16 15:07:17] 🚫 Testing invalid login
[2025-09-16 15:07:17] 🔄 API Call: POST /auth/login
[2025-09-16 15:07:19] 📥 Response: 
[2025-09-16 15:07:20] 🚫 Testing payment without token
[2025-09-16 15:07:20] 🔄 API Call: POST /payment/process
[2025-09-16 15:07:23] 📥 Response: 
[2025-09-16 15:07:24] 🚫 Testing invalid token
[2025-09-16 15:07:24] 🔄 API Call: POST /payment/process
[2025-09-16 15:07:34] 📥 Response: 
[2025-09-16 15:07:35] 
[2025-09-16 15:07:35] 🔄 STEP 8: Inter-Service Communication
[2025-09-16 15:07:35] ======================================
[2025-09-16 15:07:35] 
[2025-09-16 15:07:35] ✅ ECOSYSTEM TEST COMPLETED
[2025-09-16 15:07:35] ============================
[2025-09-16 15:07:35] 📊 Total API calls made: 0
[2025-09-16 15:07:35] 📝 Log file saved: logs/ecosystem-20250916-150642.log
[2025-09-16 15:07:35] 
[2025-09-16 15:07:35] 🐳 Docker container logs:
[2025-09-16 15:07:35]   - docker-compose logs auth-service
[2025-09-16 15:07:35]   - docker-compose logs payment-service
[2025-09-16 15:07:36]   - docker-compose logs notification-service
[2025-09-16 15:07:36]   - docker-compose logs api-gateway
