[2025-09-16 15:00:16] 🚀 Starting PayPal Clone Ecosystem Test Suite
[2025-09-16 15:00:17] ==============================================
[2025-09-16 15:00:17] 
[2025-09-16 15:00:17] 🏥 STEP 1: Health Checks
[2025-09-16 15:00:17] ========================
[2025-09-16 15:00:17] 🔄 API Call: GET /auth/health
[2025-09-16 15:00:19] 📥 Response: 
[2025-09-16 15:00:20] 🔄 API Call: GET /payment/health
[2025-09-16 15:00:23] 📥 Response: 
[2025-09-16 15:00:24] 🔄 API Call: GET /notification/health
[2025-09-16 15:00:26] 📥 Response: 
[2025-09-16 15:00:28] 
[2025-09-16 15:00:28] 👤 STEP 2: User Registration
[2025-09-16 15:00:28] ============================
[2025-09-16 15:00:29] 📝 Registering user: alice@paypal.com
[2025-09-16 15:00:29] 🔄 API Call: POST /auth/register
[2025-09-16 15:00:31] 📥 Response: 
[2025-09-16 15:00:32] 📝 Registering user: bob@paypal.com
[2025-09-16 15:00:32] 🔄 API Call: POST /auth/register
[2025-09-16 15:00:34] 📥 Response: 
[2025-09-16 15:00:36] 📝 Registering user: charlie@paypal.com
[2025-09-16 15:00:36] 🔄 API Call: POST /auth/register
[2025-09-16 15:00:38] 📥 Response: 
[2025-09-16 15:00:39] 
[2025-09-16 15:00:39] 🔐 STEP 3: User Login
[2025-09-16 15:00:39] =====================
[2025-09-16 15:00:39] 🔑 Logging in user: alice@paypal.com
[2025-09-16 15:00:39] 🔄 API Call: POST /auth/login
[2025-09-16 15:00:42] 📥 Response: 
[2025-09-16 15:00:43] 🔑 Logging in user: bob@paypal.com
[2025-09-16 15:00:43] 🔄 API Call: POST /auth/login
[2025-09-16 15:00:46] 📥 Response: 
[2025-09-16 15:00:47] 🔑 Logging in user: charlie@paypal.com
[2025-09-16 15:00:47] 🔄 API Call: POST /auth/login
[2025-09-16 15:00:50] 📥 Response: 
[2025-09-16 15:00:51] 
[2025-09-16 15:00:51] ✅ STEP 4: Token Verification
[2025-09-16 15:00:51] =============================
[2025-09-16 15:00:51] 
[2025-09-16 15:00:51] 💳 STEP 5: Payment Processing
[2025-09-16 15:00:51] =============================
[2025-09-16 15:00:51] 
[2025-09-16 15:00:51] 📊 STEP 6: Payment History
[2025-09-16 15:00:51] ==========================
[2025-09-16 15:00:51] 
[2025-09-16 15:00:51] ❌ STEP 7: Error Scenarios
[2025-09-16 15:00:51] ==========================
[2025-09-16 15:00:52] 🚫 Testing invalid login
[2025-09-16 15:00:52] 🔄 API Call: POST /auth/login
[2025-09-16 15:00:54] 📥 Response: 
[2025-09-16 15:00:55] 🚫 Testing payment without token
[2025-09-16 15:00:55] 🔄 API Call: POST /payment/process
[2025-09-16 15:00:58] 📥 Response: 
[2025-09-16 15:00:59] 🚫 Testing invalid token
[2025-09-16 15:00:59] 🔄 API Call: POST /payment/process
[2025-09-16 15:01:08] 📥 Response: 
[2025-09-16 15:01:09] 
[2025-09-16 15:01:09] 🔄 STEP 8: Inter-Service Communication
[2025-09-16 15:01:10] ======================================
[2025-09-16 15:01:10] 
[2025-09-16 15:01:10] ✅ ECOSYSTEM TEST COMPLETED
[2025-09-16 15:01:10] ============================
[2025-09-16 15:01:10] 📊 Total API calls made: 0
[2025-09-16 15:01:10] 📝 Log file saved: logs/ecosystem-20250916-150016.log
[2025-09-16 15:01:10] 
[2025-09-16 15:01:10] 🐳 Docker container logs:
[2025-09-16 15:01:10]   - docker-compose logs auth-service
[2025-09-16 15:01:10]   - docker-compose logs payment-service
[2025-09-16 15:01:10]   - docker-compose logs notification-service
[2025-09-16 15:01:10]   - docker-compose logs api-gateway
