[2025-09-16 15:11:45] 🚀 Starting PayPal Clone Ecosystem Test Suite
[2025-09-16 15:11:45] ==============================================
[2025-09-16 15:11:45] 
[2025-09-16 15:11:45] 🏥 STEP 1: Health Checks
[2025-09-16 15:11:45] ========================
[2025-09-16 15:11:45] 🔄 API Call: GET /auth/health
[2025-09-16 15:11:48] 📥 Response: 
[2025-09-16 15:11:49] 🔄 API Call: GET /payment/health
[2025-09-16 15:11:51] 📥 Response: 
[2025-09-16 15:11:52] 🔄 API Call: GET /notification/health
[2025-09-16 15:11:55] 📥 Response: 
[2025-09-16 15:11:57] 
[2025-09-16 15:11:57] 👤 STEP 2: User Registration
[2025-09-16 15:11:57] ============================
[2025-09-16 15:11:57] 📝 Registering user: alice@paypal.com
[2025-09-16 15:11:57] 🔄 API Call: POST /auth/register
[2025-09-16 15:11:59] 📥 Response: 
[2025-09-16 15:12:01] 📝 Registering user: bob@paypal.com
[2025-09-16 15:12:01] 🔄 API Call: POST /auth/register
[2025-09-16 15:12:03] 📥 Response: 
[2025-09-16 15:12:04] 📝 Registering user: charlie@paypal.com
[2025-09-16 15:12:04] 🔄 API Call: POST /auth/register
[2025-09-16 15:12:07] 📥 Response: 
[2025-09-16 15:12:08] 
[2025-09-16 15:12:08] 🔐 STEP 3: User Login
[2025-09-16 15:12:08] =====================
[2025-09-16 15:12:08] 🔑 Logging in user: alice@paypal.com
[2025-09-16 15:12:08] 🔄 API Call: POST /auth/login
[2025-09-16 15:12:10] 📥 Response: 
[2025-09-16 15:12:11] 🔑 Logging in user: bob@paypal.com
[2025-09-16 15:12:12] 🔄 API Call: POST /auth/login
[2025-09-16 15:12:14] 📥 Response: 
[2025-09-16 15:12:15] 🔑 Logging in user: charlie@paypal.com
[2025-09-16 15:12:15] 🔄 API Call: POST /auth/login
[2025-09-16 15:12:18] 📥 Response: 
[2025-09-16 15:12:19] 
[2025-09-16 15:12:19] ✅ STEP 4: Token Verification
[2025-09-16 15:12:19] =============================
[2025-09-16 15:12:19] 
[2025-09-16 15:12:19] 💳 STEP 5: Payment Processing
[2025-09-16 15:12:19] =============================
[2025-09-16 15:12:19] 
[2025-09-16 15:12:19] 📊 STEP 6: Payment History
[2025-09-16 15:12:19] ==========================
[2025-09-16 15:12:19] 
[2025-09-16 15:12:19] ❌ STEP 7: Error Scenarios
[2025-09-16 15:12:19] ==========================
[2025-09-16 15:12:20] 🚫 Testing invalid login
[2025-09-16 15:12:20] 🔄 API Call: POST /auth/login
[2025-09-16 15:12:22] 📥 Response: 
[2025-09-16 15:12:23] 🚫 Testing payment without token
[2025-09-16 15:12:23] 🔄 API Call: POST /payment/process
[2025-09-16 15:12:26] 📥 Response: 
[2025-09-16 15:12:27] 🚫 Testing invalid token
[2025-09-16 15:12:27] 🔄 API Call: POST /payment/process
[2025-09-16 15:12:36] 📥 Response: 
[2025-09-16 15:12:38] 
[2025-09-16 15:12:38] 🔄 STEP 8: Inter-Service Communication
[2025-09-16 15:12:38] ======================================
[2025-09-16 15:12:38] 
[2025-09-16 15:12:38] ✅ ECOSYSTEM TEST COMPLETED
[2025-09-16 15:12:38] ============================
[2025-09-16 15:12:38] 📊 Total API calls made: 0
[2025-09-16 15:12:38] 📝 Log file saved: logs/ecosystem-20250916-151145.log
[2025-09-16 15:12:38] 
[2025-09-16 15:12:38] 🐳 Docker container logs:
[2025-09-16 15:12:38]   - docker-compose logs auth-service
[2025-09-16 15:12:38]   - docker-compose logs payment-service
[2025-09-16 15:12:38]   - docker-compose logs notification-service
[2025-09-16 15:12:38]   - docker-compose logs api-gateway
